diff --git a/E:/github/ms-react-native-forpatch/Libraries/Lists/__tests__/__snapshots__/SectionList-test.js.snap b/E:/github/fb-react-native-forpatch/Libraries/Lists/__tests__/__snapshots__/SectionList-test.js.snap
index 4ec463c8d..b15b3cb3d 100644
--- a/E:/github/ms-react-native-forpatch/Libraries/Lists/__tests__/__snapshots__/SectionList-test.js.snap
+++ b/E:/github/fb-react-native-forpatch/Libraries/Lists/__tests__/__snapshots__/SectionList-test.js.snap
@@ -31,12 +31,9 @@ exports[`SectionList rendering empty section headers is fine 1`] = `
   onScroll={[Function]}
   onScrollBeginDrag={[Function]}
   onScrollEndDrag={[Function]}
-  onScrollKeyDown={null}
   renderItem={[Function]}
   renderSectionHeader={[Function]}
-  rowIndex={-1}
   scrollEventThrottle={50}
-  sectionIndex={0}
   sections={
     Array [
       Object {
@@ -114,13 +111,10 @@ exports[`SectionList renders a footer when there is no data 1`] = `
   onScroll={[Function]}
   onScrollBeginDrag={[Function]}
   onScrollEndDrag={[Function]}
-  onScrollKeyDown={null}
   renderItem={[Function]}
   renderSectionFooter={[Function]}
   renderSectionHeader={[Function]}
-  rowIndex={-1}
   scrollEventThrottle={50}
-  sectionIndex={0}
   sections={
     Array [
       Object {
@@ -183,12 +177,9 @@ exports[`SectionList renders a footer when there is no data and no header 1`] =
   onScroll={[Function]}
   onScrollBeginDrag={[Function]}
   onScrollEndDrag={[Function]}
-  onScrollKeyDown={null}
   renderItem={[Function]}
   renderSectionFooter={[Function]}
-  rowIndex={-1}
   scrollEventThrottle={50}
-  sectionIndex={0}
   sections={
     Array [
       Object {
@@ -284,7 +275,6 @@ exports[`SectionList renders all the bells and whistles 1`] = `
   onScroll={[Function]}
   onScrollBeginDrag={[Function]}
   onScrollEndDrag={[Function]}
-  onScrollKeyDown={null}
   refreshControl={
     <RefreshControlMock
       onRefresh={[MockFunction]}
@@ -295,9 +285,7 @@ exports[`SectionList renders all the bells and whistles 1`] = `
   renderItem={[Function]}
   renderSectionFooter={[Function]}
   renderSectionHeader={[Function]}
-  rowIndex={-1}
   scrollEventThrottle={50}
-  sectionIndex={0}
   sections={
     Array [
       Object {
@@ -375,7 +363,7 @@ exports[`SectionList renders all the bells and whistles 1`] = `
           v="highlighted:false,leadingItem:undefined,leadingSection:undefined,section:s1,trailingItem:i1s1,trailingSection:s2"
         />
         <itemForSection1
-          v="item:i1s1,index:0,isSelected:false,section:s1,separators:[object Object]"
+          v="item:i1s1,index:0,section:s1,separators:[object Object]"
         />
         <itemSeparatorForSection1
           v="highlighted:false,leadingItem:i1s1,leadingSection:undefined,section:s1,trailingItem:i2s1,trailingSection:s2"
@@ -388,7 +376,7 @@ exports[`SectionList renders all the bells and whistles 1`] = `
     >
       <View>
         <itemForSection1
-          v="item:i2s1,index:1,isSelected:false,section:s1,separators:[object Object]"
+          v="item:i2s1,index:1,section:s1,separators:[object Object]"
         />
         <sectionSeparator
           v="highlighted:false,leadingItem:i2s1,leadingSection:undefined,section:s1,trailingItem:undefined,trailingSection:s2"
@@ -420,7 +408,7 @@ exports[`SectionList renders all the bells and whistles 1`] = `
           v="highlighted:false,leadingItem:undefined,leadingSection:s1,section:s2,trailingItem:i1s2,trailingSection:s3"
         />
         <defaultItem
-          v="item:i1s2,index:0,isSelected:false,section:s2,separators:[object Object]"
+          v="item:i1s2,index:0,section:s2,separators:[object Object]"
         />
         <defaultItemSeparator
           v="highlighted:false,leadingItem:i1s2,leadingSection:s1,section:s2,trailingItem:i2s2,trailingSection:s3"
@@ -433,7 +421,7 @@ exports[`SectionList renders all the bells and whistles 1`] = `
     >
       <View>
         <defaultItem
-          v="item:i2s2,index:1,isSelected:false,section:s2,separators:[object Object]"
+          v="item:i2s2,index:1,section:s2,separators:[object Object]"
         />
         <sectionSeparator
           v="highlighted:false,leadingItem:i2s2,leadingSection:s1,section:s2,trailingItem:undefined,trailingSection:s3"
@@ -465,7 +453,7 @@ exports[`SectionList renders all the bells and whistles 1`] = `
           v="highlighted:false,leadingItem:undefined,leadingSection:s2,section:s3,trailingItem:i1s3,trailingSection:undefined"
         />
         <defaultItem
-          v="item:i1s3,index:0,isSelected:false,section:s3,separators:[object Object]"
+          v="item:i1s3,index:0,section:s3,separators:[object Object]"
         />
         <defaultItemSeparator
           v="highlighted:false,leadingItem:i1s3,leadingSection:s2,section:s3,trailingItem:i2s3,trailingSection:undefined"
@@ -478,7 +466,7 @@ exports[`SectionList renders all the bells and whistles 1`] = `
     >
       <View>
         <defaultItem
-          v="item:i2s3,index:1,isSelected:false,section:s3,separators:[object Object]"
+          v="item:i2s3,index:1,section:s3,separators:[object Object]"
         />
         <sectionSeparator
           v="highlighted:false,leadingItem:i2s3,leadingSection:s2,section:s3,trailingItem:undefined,trailingSection:undefined"
@@ -521,11 +509,8 @@ exports[`SectionList renders empty list 1`] = `
   onScroll={[Function]}
   onScrollBeginDrag={[Function]}
   onScrollEndDrag={[Function]}
-  onScrollKeyDown={null}
   renderItem={[Function]}
-  rowIndex={-1}
   scrollEventThrottle={50}
-  sectionIndex={0}
   sections={Array []}
   stickyHeaderIndices={Array []}
   stickySectionHeadersEnabled={true}
