diff --git a/E:/github/ms-react-native-forpatch/Libraries/Components/Touchable/__tests__/__snapshots__/TouchableHighlight-test.js.snap b/E:/github/fb-react-native-forpatch/Libraries/Components/Touchable/__tests__/__snapshots__/TouchableHighlight-test.js.snap
index 883d311bd..00b32eed8 100644
--- a/E:/github/ms-react-native-forpatch/Libraries/Components/Touchable/__tests__/__snapshots__/TouchableHighlight-test.js.snap
+++ b/E:/github/fb-react-native-forpatch/Libraries/Components/Touchable/__tests__/__snapshots__/TouchableHighlight-test.js.snap
@@ -2,10 +2,8 @@
 
 exports[`TouchableHighlight renders correctly 1`] = `
 <View
-  acceptsKeyboardFocus={true}
   accessible={true}
   clickable={false}
-  enableFocusRing={true}
   isTVSelectable={true}
   onClick={[Function]}
   onResponderGrant={[Function]}
